This is pdfTeX, Version 3.141592653-2.6-1.40.27 (TeX Live 2025/Homebrew) (preloaded format=pdflatex 2025.3.15)  3 AUG 2025 23:34
entering extended mode
 restricted \write18 enabled.
 file:line:error style messages enabled.
 %&-line parsing enabled.
**/Users/dt/Library/CloudStorage/Dropbox/Teaching/causal-inference/syllabus/syllabus-casual-rev3.tex
(/Users/dt/Library/CloudStorage/Dropbox/Teaching/causal-inference/syllabus/syllabus-casual-rev3.tex
LaTeX2e <2024-11-01> patch level 2
L3 programming layer <2025-01-18>
(/opt/homebrew/Cellar/texlive/20250308_1/share/texmf-dist/tex/latex/base/article.cls
Document Class: article 2024/06/29 v1.4n Standard LaTeX document class
(/opt/homebrew/Cellar/texlive/20250308_1/share/texmf-dist/tex/latex/base/size11.clo
File: size11.clo 2024/06/29 v1.4n Standard LaTeX file (size option)
)
\c@part=\count196
\c@section=\count197
\c@subsection=\count198
\c@subsubsection=\count199
\c@paragraph=\count266
\c@subparagraph=\count267
\c@figure=\count268
\c@table=\count269
\abovecaptionskip=\skip49
\belowcaptionskip=\skip50
\bibindent=\dimen141
) (/opt/homebrew/Cellar/texlive/20250308_1/share/texmf-dist/tex/latex/geometry/geometry.sty
Package: geometry 2020/01/02 v5.9 Page Geometry
 (/opt/homebrew/Cellar/texlive/20250308_1/share/texmf-dist/tex/latex/graphics/keyval.sty
Package: keyval 2022/05/29 v1.15 key=value parser (DPC)
\KV@toks@=\toks17
) (/opt/homebrew/Cellar/texlive/20250308_1/share/texmf-dist/tex/generic/iftex/ifvtex.sty
Package: ifvtex 2019/10/25 v1.7 ifvtex legacy package. Use iftex instead.
 (/opt/homebrew/Cellar/texlive/20250308_1/share/texmf-dist/tex/generic/iftex/iftex.sty
Package: iftex 2024/12/12 v1.0g TeX engine tests
))
\Gm@cnth=\count270
\Gm@cntv=\count271
\c@Gm@tempcnt=\count272
\Gm@bindingoffset=\dimen142
\Gm@wd@mp=\dimen143
\Gm@odd@mp=\dimen144
\Gm@even@mp=\dimen145
\Gm@layoutwidth=\dimen146
\Gm@layoutheight=\dimen147
\Gm@layouthoffset=\dimen148
\Gm@layoutvoffset=\dimen149
\Gm@dimlist=\toks18
) (/opt/homebrew/Cellar/texlive/20250308_1/share/texmf-dist/tex/latex/parskip/parskip.sty
Package: parskip 2021-03-14 v2.0h non-zero parskip adjustments
 (/opt/homebrew/Cellar/texlive/20250308_1/share/texmf-dist/tex/latex/kvoptions/kvoptions.sty
Package: kvoptions 2022-06-15 v3.15 Key value format for package options (HO)
 (/opt/homebrew/Cellar/texlive/20250308_1/share/texmf-dist/tex/generic/ltxcmds/ltxcmds.sty
Package: ltxcmds 2023-12-04 v1.26 LaTeX kernel commands for general use (HO)
) (/opt/homebrew/Cellar/texlive/20250308_1/share/texmf-dist/tex/latex/kvsetkeys/kvsetkeys.sty
Package: kvsetkeys 2022-10-05 v1.19 Key value parser (HO)
)) (/opt/homebrew/Cellar/texlive/20250308_1/share/texmf-dist/tex/latex/etoolbox/etoolbox.sty
Package: etoolbox 2025/02/11 v2.5l e-TeX tools for LaTeX (JAW)
\etb@tempcnta=\count273
)) (/opt/homebrew/Cellar/texlive/20250308_1/share/texmf-dist/tex/latex/amsmath/amsmath.sty
Package: amsmath 2024/11/05 v2.17t AMS math features
\@mathmargin=\skip51

For additional information on amsmath, use the `?' option.
(/opt/homebrew/Cellar/texlive/20250308_1/share/texmf-dist/tex/latex/amsmath/amstext.sty
Package: amstext 2021/08/26 v2.01 AMS text
 (/opt/homebrew/Cellar/texlive/20250308_1/share/texmf-dist/tex/latex/amsmath/amsgen.sty
File: amsgen.sty 1999/11/30 v2.0 generic functions
\@emptytoks=\toks19
\ex@=\dimen150
)) (/opt/homebrew/Cellar/texlive/20250308_1/share/texmf-dist/tex/latex/amsmath/amsbsy.sty
Package: amsbsy 1999/11/29 v1.2d Bold Symbols
\pmbraise@=\dimen151
) (/opt/homebrew/Cellar/texlive/20250308_1/share/texmf-dist/tex/latex/amsmath/amsopn.sty
Package: amsopn 2022/04/08 v2.04 operator names
)
\inf@bad=\count274
LaTeX Info: Redefining \frac on input line 233.
\uproot@=\count275
\leftroot@=\count276
LaTeX Info: Redefining \overline on input line 398.
LaTeX Info: Redefining \colon on input line 409.
\classnum@=\count277
\DOTSCASE@=\count278
LaTeX Info: Redefining \ldots on input line 495.
LaTeX Info: Redefining \dots on input line 498.
LaTeX Info: Redefining \cdots on input line 619.
\Mathstrutbox@=\box52
\strutbox@=\box53
LaTeX Info: Redefining \big on input line 721.
LaTeX Info: Redefining \Big on input line 722.
LaTeX Info: Redefining \bigg on input line 723.
LaTeX Info: Redefining \Bigg on input line 724.
\big@size=\dimen152
LaTeX Font Info:    Redeclaring font encoding OML on input line 742.
LaTeX Font Info:    Redeclaring font encoding OMS on input line 743.
\macc@depth=\count279
LaTeX Info: Redefining \bmod on input line 904.
LaTeX Info: Redefining \pmod on input line 909.
LaTeX Info: Redefining \smash on input line 939.
LaTeX Info: Redefining \relbar on input line 969.
LaTeX Info: Redefining \Relbar on input line 970.
\c@MaxMatrixCols=\count280
\dotsspace@=\muskip17
\c@parentequation=\count281
\dspbrk@lvl=\count282
\tag@help=\toks20
\row@=\count283
\column@=\count284
\maxfields@=\count285
\andhelp@=\toks21
\eqnshift@=\dimen153
\alignsep@=\dimen154
\tagshift@=\dimen155
\tagwidth@=\dimen156
\totwidth@=\dimen157
\lineht@=\dimen158
\@envbody=\toks22
\multlinegap=\skip52
\multlinetaggap=\skip53
\mathdisplay@stack=\toks23
LaTeX Info: Redefining \[ on input line 2953.
LaTeX Info: Redefining \] on input line 2954.
) (/opt/homebrew/Cellar/texlive/20250308_1/share/texmf-dist/tex/latex/fancyhdr/fancyhdr.sty
Package: fancyhdr 2025/02/07 v5.2 Extensive control of page headers and footers
\f@nch@headwidth=\skip54
\f@nch@offset@elh=\skip55
\f@nch@offset@erh=\skip56
\f@nch@offset@olh=\skip57
\f@nch@offset@orh=\skip58
\f@nch@offset@elf=\skip59
\f@nch@offset@erf=\skip60
\f@nch@offset@olf=\skip61
\f@nch@offset@orf=\skip62
\f@nch@height=\skip63
\f@nch@footalignment=\skip64
\f@nch@widthL=\skip65
\f@nch@widthC=\skip66
\f@nch@widthR=\skip67
\@temptokenb=\toks24
) (/opt/homebrew/Cellar/texlive/20250308_1/share/texmf-dist/tex/latex/tools/tabularx.sty
Package: tabularx 2023/12/11 v2.12a `tabularx' package (DPC)
 (/opt/homebrew/Cellar/texlive/20250308_1/share/texmf-dist/tex/latex/tools/array.sty
Package: array 2024/10/17 v2.6g Tabular extension package (FMi)
\col@sep=\dimen159
\ar@mcellbox=\box54
\extrarowheight=\dimen160
\NC@list=\toks25
\extratabsurround=\skip68
\backup@length=\skip69
\ar@cellbox=\box55
)
\TX@col@width=\dimen161
\TX@old@table=\dimen162
\TX@old@col=\dimen163
\TX@target=\dimen164
\TX@delta=\dimen165
\TX@cols=\count286
\TX@ftn=\toks26
) (/opt/homebrew/Cellar/texlive/20250308_1/share/texmf-dist/tex/latex/tools/longtable.sty
Package: longtable 2024-10-27 v4.22 Multi-page Table package (DPC)
\LTleft=\skip70
\LTright=\skip71
\LTpre=\skip72
\LTpost=\skip73
\LTchunksize=\count287
\LTcapwidth=\dimen166
\LT@head=\box56
\LT@firsthead=\box57
\LT@foot=\box58
\LT@lastfoot=\box59
\LT@gbox=\box60
\LT@cols=\count288
\LT@rows=\count289
\c@LT@tables=\count290
\c@LT@chunks=\count291
\LT@p@ftn=\toks27
) (/opt/homebrew/Cellar/texlive/20250308_1/share/texmf-dist/tex/latex/graphics/graphicx.sty
Package: graphicx 2021/09/16 v1.2d Enhanced LaTeX Graphics (DPC,SPQR)
 (/opt/homebrew/Cellar/texlive/20250308_1/share/texmf-dist/tex/latex/graphics/graphics.sty
Package: graphics 2024/08/06 v1.4g Standard LaTeX Graphics (DPC,SPQR)
 (/opt/homebrew/Cellar/texlive/20250308_1/share/texmf-dist/tex/latex/graphics/trig.sty
Package: trig 2023/12/02 v1.11 sin cos tan (DPC)
) (/opt/homebrew/Cellar/texlive/20250308_1/share/texmf-dist/tex/latex/graphics-cfg/graphics.cfg
File: graphics.cfg 2016/06/04 v1.11 sample graphics configuration
)
Package graphics Info: Driver file: pdftex.def on input line 106.
 (/opt/homebrew/Cellar/texlive/20250308_1/share/texmf-dist/tex/latex/graphics-def/pdftex.def
File: pdftex.def 2024/04/13 v1.2c Graphics/color driver for pdftex
))
\Gin@req@height=\dimen167
\Gin@req@width=\dimen168
) (/opt/homebrew/Cellar/texlive/20250308_1/share/texmf-dist/tex/latex/xurl/xurl.sty
Package: xurl 2022/01/09 v 0.10 modify URL breaks
 (/opt/homebrew/Cellar/texlive/20250308_1/share/texmf-dist/tex/latex/url/url.sty
\Urlmuskip=\muskip18
Package: url 2013/09/16  ver 3.4  Verb mode for urls, etc.
))

/Users/dt/Library/CloudStorage/Dropbox/Teaching/causal-inference/syllabus/syllabus-casual-rev3.tex:11: LaTeX Error: Missing \begin{document}.

See the LaTeX manual or LaTeX Companion for explanation.
Type  H <return>  for immediate help.
 ...                                              
                                                  
l.11 l
      ine breaking
You're in trouble here.  Try typing  <return>  to proceed.
If that doesn't work, type  X <return>  to quit.

(/opt/homebrew/Cellar/texlive/20250308_1/share/texmf-dist/tex/latex/base/inputenc.sty
Package: inputenc 2024/02/08 v1.3d Input encoding file
\inpenc@prehook=\toks28
\inpenc@posthook=\toks29
) (/opt/homebrew/Cellar/texlive/20250308_1/share/texmf-dist/tex/latex/hyperref/hyperref.sty
Package: hyperref 2024-11-05 v7.01l Hypertext links for LaTeX
 (/opt/homebrew/Cellar/texlive/20250308_1/share/texmf-dist/tex/generic/kvdefinekeys/kvdefinekeys.sty
Package: kvdefinekeys 2019-12-19 v1.6 Define keys (HO)
) (/opt/homebrew/Cellar/texlive/20250308_1/share/texmf-dist/tex/generic/pdfescape/pdfescape.sty
Package: pdfescape 2019/12/09 v1.15 Implements pdfTeX's escape features (HO)
 (/opt/homebrew/Cellar/texlive/20250308_1/share/texmf-dist/tex/generic/pdftexcmds/pdftexcmds.sty
Package: pdftexcmds 2020-06-27 v0.33 Utility functions of pdfTeX for LuaTeX (HO)
 (/opt/homebrew/Cellar/texlive/20250308_1/share/texmf-dist/tex/generic/infwarerr/infwarerr.sty
Package: infwarerr 2019/12/03 v1.5 Providing info/warning/error messages (HO)
)
Package pdftexcmds Info: \pdf@primitive is available.
Package pdftexcmds Info: \pdf@ifprimitive is available.
Package pdftexcmds Info: \pdfdraftmode found.
)) (/opt/homebrew/Cellar/texlive/20250308_1/share/texmf-dist/tex/latex/hycolor/hycolor.sty
Package: hycolor 2020-01-27 v1.10 Color options for hyperref/bookmark (HO)
) (/opt/homebrew/Cellar/texlive/20250308_1/share/texmf-dist/tex/latex/hyperref/nameref.sty
Package: nameref 2023-11-26 v2.56 Cross-referencing by name of section
 (/opt/homebrew/Cellar/texlive/20250308_1/share/texmf-dist/tex/latex/refcount/refcount.sty
Package: refcount 2019/12/15 v3.6 Data extraction from label references (HO)
) (/opt/homebrew/Cellar/texlive/20250308_1/share/texmf-dist/tex/generic/gettitlestring/gettitlestring.sty
Package: gettitlestring 2019/12/15 v1.6 Cleanup title references (HO)
)
\c@section@level=\count292
) (/opt/homebrew/Cellar/texlive/20250308_1/share/texmf-dist/tex/generic/stringenc/stringenc.sty
Package: stringenc 2019/11/29 v1.12 Convert strings between diff. encodings (HO)
)
\@linkdim=\dimen169
\Hy@linkcounter=\count293
\Hy@pagecounter=\count294
 (/opt/homebrew/Cellar/texlive/20250308_1/share/texmf-dist/tex/latex/hyperref/pd1enc.def
File: pd1enc.def 2024-11-05 v7.01l Hyperref: PDFDocEncoding definition (HO)
Now handling font encoding PD1 ...
... no UTF-8 mapping file for font encoding PD1
) (/opt/homebrew/Cellar/texlive/20250308_1/share/texmf-dist/tex/generic/intcalc/intcalc.sty
Package: intcalc 2019/12/15 v1.3 Expandable calculations with integers (HO)
)
\Hy@SavedSpaceFactor=\count295
 (/opt/homebrew/Cellar/texlive/20250308_1/share/texmf-dist/tex/latex/hyperref/puenc.def
File: puenc.def 2024-11-05 v7.01l Hyperref: PDF Unicode definition (HO)
Now handling font encoding PU ...
... no UTF-8 mapping file for font encoding PU
)
Package hyperref Info: Hyper figures OFF on input line 4157.
Package hyperref Info: Link nesting OFF on input line 4162.
Package hyperref Info: Hyper index ON on input line 4165.
Package hyperref Info: Plain pages OFF on input line 4172.
Package hyperref Info: Backreferencing OFF on input line 4177.
Package hyperref Info: Implicit mode ON; LaTeX internals redefined.
Package hyperref Info: Bookmarks ON on input line 4424.
\c@Hy@tempcnt=\count296
LaTeX Info: Redefining \url on input line 4763.
\XeTeXLinkMargin=\dimen170
 (/opt/homebrew/Cellar/texlive/20250308_1/share/texmf-dist/tex/generic/bitset/bitset.sty
Package: bitset 2019/12/09 v1.3 Handle bit-vector datatype (HO)
 (/opt/homebrew/Cellar/texlive/20250308_1/share/texmf-dist/tex/generic/bigintcalc/bigintcalc.sty
Package: bigintcalc 2019/12/15 v1.5 Expandable calculations on big integers (HO)
))
\Fld@menulength=\count297
\Field@Width=\dimen171
\Fld@charsize=\dimen172
Package hyperref Info: Hyper figures OFF on input line 6042.
Package hyperref Info: Link nesting OFF on input line 6047.
Package hyperref Info: Hyper index ON on input line 6050.
Package hyperref Info: backreferencing OFF on input line 6057.
Package hyperref Info: Link coloring OFF on input line 6062.
Package hyperref Info: Link coloring with OCG OFF on input line 6067.
Package hyperref Info: PDF/A mode OFF on input line 6072.
 (/opt/homebrew/Cellar/texlive/20250308_1/share/texmf-dist/tex/latex/base/atbegshi-ltx.sty
Package: atbegshi-ltx 2021/01/10 v1.0c Emulation of the original atbegshi
package with kernel methods
)
\Hy@abspage=\count298
\c@Item=\count299
\c@Hfootnote=\count300
)
Package hyperref Info: Driver (autodetected): hpdftex.
 (/opt/homebrew/Cellar/texlive/20250308_1/share/texmf-dist/tex/latex/hyperref/hpdftex.def
File: hpdftex.def 2024-11-05 v7.01l Hyperref driver for pdfTeX
 (/opt/homebrew/Cellar/texlive/20250308_1/share/texmf-dist/tex/latex/base/atveryend-ltx.sty
Package: atveryend-ltx 2020/08/19 v1.0a Emulation of the original atveryend package
with kernel methods
)
\Fld@listcount=\count301
\c@bookmark@seq@number=\count302
 (/opt/homebrew/Cellar/texlive/20250308_1/share/texmf-dist/tex/latex/rerunfilecheck/rerunfilecheck.sty
Package: rerunfilecheck 2022-07-10 v1.10 Rerun checks for auxiliary files (HO)
 (/opt/homebrew/Cellar/texlive/20250308_1/share/texmf-dist/tex/generic/uniquecounter/uniquecounter.sty
Package: uniquecounter 2019/12/15 v1.4 Provide unlimited unique counter (HO)
)
Package uniquecounter Info: New unique counter `rerunfilecheck' on input line 285.
)
\Hy@SectionHShift=\skip74
)
Package hyperref Info: Option `colorlinks' set `true' on input line 16.


/Users/dt/Library/CloudStorage/Dropbox/Teaching/causal-inference/syllabus/syllabus-casual-rev3.tex:31: LaTeX Error: Missing \begin{document}.

See the LaTeX manual or LaTeX Companion for explanation.
Type  H <return>  for immediate help.
 ...                                              
                                                  
l.31 f
      ooter fields \rhead{\semester} \lhead{\coursenumber: \coursetitle}
You're in trouble here.  Try typing  <return>  to proceed.
If that doesn't work, type  X <return>  to quit.

(/opt/homebrew/Cellar/texlive/20250308_1/share/texmf-dist/tex/latex/l3backend/l3backend-pdftex.def
File: l3backend-pdftex.def 2024-05-08 L3 backend support: PDF output (pdfTeX)
\l__color_backend_stack_int=\count303
\l__pdf_internal_box=\box61
) (build/syllabus-casual-rev3.aux)
\openout1 = `syllabus-casual-rev3.aux'.

LaTeX Font Info:    Checking defaults for OML/cmm/m/it on input line 34.
LaTeX Font Info:    ... okay on input line 34.
LaTeX Font Info:    Checking defaults for OMS/cmsy/m/n on input line 34.
LaTeX Font Info:    ... okay on input line 34.
LaTeX Font Info:    Checking defaults for OT1/cmr/m/n on input line 34.
LaTeX Font Info:    ... okay on input line 34.
LaTeX Font Info:    Checking defaults for T1/cmr/m/n on input line 34.
LaTeX Font Info:    ... okay on input line 34.
LaTeX Font Info:    Checking defaults for TS1/cmr/m/n on input line 34.
LaTeX Font Info:    ... okay on input line 34.
LaTeX Font Info:    Checking defaults for OMX/cmex/m/n on input line 34.
LaTeX Font Info:    ... okay on input line 34.
LaTeX Font Info:    Checking defaults for U/cmr/m/n on input line 34.
LaTeX Font Info:    ... okay on input line 34.
LaTeX Font Info:    Checking defaults for PD1/pdf/m/n on input line 34.
LaTeX Font Info:    ... okay on input line 34.
LaTeX Font Info:    Checking defaults for PU/pdf/m/n on input line 34.
LaTeX Font Info:    ... okay on input line 34.

*geometry* driver: auto-detecting
*geometry* detected driver: pdftex
*geometry* verbose mode - [ preamble ] result:
* driver: pdftex
* paper: letterpaper
* layout: <same size as paper>
* layoutoffset:(h,v)=(0.0pt,0.0pt)
* modes: 
* h-part:(L,W,R)=(72.26999pt, 469.75502pt, 72.26999pt)
* v-part:(T,H,B)=(72.26999pt, 650.43001pt, 72.26999pt)
* \paperwidth=614.295pt
* \paperheight=794.96999pt
* \textwidth=469.75502pt
* \textheight=650.43001pt
* \oddsidemargin=0.0pt
* \evensidemargin=0.0pt
* \topmargin=-37.0pt
* \headheight=12.0pt
* \headsep=25.0pt
* \topskip=11.0pt
* \footskip=30.0pt
* \marginparwidth=59.0pt
* \marginparsep=10.0pt
* \columnsep=10.0pt
* \skip\footins=10.0pt plus 4.0pt minus 2.0pt
* \hoffset=0.0pt
* \voffset=0.0pt
* \mag=1000
* \@twocolumnfalse
* \@twosidefalse
* \@mparswitchfalse
* \@reversemarginfalse
* (1in=72.27pt=25.4mm, 1cm=28.453pt)

(/opt/homebrew/Cellar/texlive/20250308_1/share/texmf-dist/tex/context/base/mkii/supp-pdf.mkii
[Loading MPS to PDF converter (version 2006.09.02).]
\scratchcounter=\count304
\scratchdimen=\dimen173
\scratchbox=\box62
\nofMPsegments=\count305
\nofMParguments=\count306
\everyMPshowfont=\toks30
\MPscratchCnt=\count307
\MPscratchDim=\dimen174
\MPnumerator=\count308
\makeMPintoPDFobject=\count309
\everyMPtoPDFconversion=\toks31
) (/opt/homebrew/Cellar/texlive/20250308_1/share/texmf-dist/tex/latex/epstopdf-pkg/epstopdf-base.sty
Package: epstopdf-base 2020-01-24 v2.11 Base part for package epstopdf
Package epstopdf-base Info: Redefining graphics rule for `.eps' on input line 485.
 (/opt/homebrew/Cellar/texlive/20250308_1/share/texmf-dist/tex/latex/latexconfig/epstopdf-sys.cfg
File: epstopdf-sys.cfg 2010/07/13 v1.3 Configuration of (r)epstopdf for TeX Live
)) (/opt/homebrew/Cellar/texlive/20250308_1/share/texmf-dist/tex/latex/graphics/color.sty
Package: color 2024/06/23 v1.3e Standard LaTeX Color (DPC)
 (/opt/homebrew/Cellar/texlive/20250308_1/share/texmf-dist/tex/latex/graphics-cfg/color.cfg
File: color.cfg 2016/01/02 v1.6 sample color configuration
)
Package color Info: Driver file: pdftex.def on input line 149.
 (/opt/homebrew/Cellar/texlive/20250308_1/share/texmf-dist/tex/latex/graphics/mathcolor.ltx))
Package hyperref Info: Link coloring ON on input line 34.
 (build/syllabus-casual-rev3.out) (build/syllabus-casual-rev3.out)
\@outlinefile=\write3
\openout3 = `syllabus-casual-rev3.out'.


/Users/dt/Library/CloudStorage/Dropbox/Teaching/causal-inference/syllabus/syllabus-casual-rev3.tex:36: Undefined control sequence.
l.36 \begin{center} {\Huge \coursenumber
                                        : \coursetitle} \\ \vspace{4mm} {\large
The control sequence at the end of the top line
of your error message was never \def'ed. If you have
misspelled it (e.g., `\hobx'), type `I' and the correct
spelling (e.g., `I\hbox'). Otherwise just continue,
and I'll forget about whatever was undefined.


Underfull \hbox (badness 10000) in alignment at lines 45--45
[][] 
 []


Overfull \vbox (326.65263pt too high) has occurred while \output is active []



[1

{/opt/homebrew/Cellar/texlive/20250308_1/share/texmf-dist/fonts/map/pdftex/updmap/pdftex.map}{/opt/homebrew/Cellar/texlive/20250308_1/share/texmf-dist/fonts/enc/dvips/cm-super/cm-super-ts1.enc}]
/Users/dt/Library/CloudStorage/Dropbox/Teaching/causal-inference/syllabus/syllabus-casual-rev3.tex:118: Illegal unit of measure (pt inserted).
<to be read again> 
                   0
l.118 ...xtwidth} p{0.6\textwidth}} \hline \textbf
                                                  {Week} &
Dimensions can be in units of em, ex, in, pt, pc,
cm, mm, dd, cc, nd, nc, bp, or sp; but yours is a new one!
I'll assume that you meant to say pt, for printer's points.
To recover gracefully from this error, it's best to
delete the erroneous units; e.g., type `2' to delete
two letters. (See Chapter 27 of The TeXbook.)

/Users/dt/Library/CloudStorage/Dropbox/Teaching/causal-inference/syllabus/syllabus-casual-rev3.tex:118: Missing number, treated as zero.
<to be read again> 
                   \relax 
l.118 ...xtwidth} p{0.6\textwidth}} \hline \textbf
                                                  {Week} &
A number should have been here; I inserted `0'.
(If you can't figure out why I needed to see a number,
look up `weird error' in the index to The TeXbook.)

/Users/dt/Library/CloudStorage/Dropbox/Teaching/causal-inference/syllabus/syllabus-casual-rev3.tex:118: Illegal unit of measure (pt inserted).
<to be read again> 
                   \relax 
l.118 ...xtwidth} p{0.6\textwidth}} \hline \textbf
                                                  {Week} &
Dimensions can be in units of em, ex, in, pt, pc,
cm, mm, dd, cc, nd, nc, bp, or sp; but yours is a new one!
I'll assume that you meant to say pt, for printer's points.
To recover gracefully from this error, it's best to
delete the erroneous units; e.g., type `2' to delete
two letters. (See Chapter 27 of The TeXbook.)


Overfull \hbox (37.54156pt too wide) in paragraph at lines 118--118
\OT1/cmr/m/n/10 05\OT1/cmr/bx/n/10 Week| 
 []


Overfull \hbox (193.41615pt too wide) in alignment at lines 118--119
 [] [] [] 
 []

/Users/dt/Library/CloudStorage/Dropbox/Teaching/causal-inference/syllabus/syllabus-casual-rev3.tex:119: Illegal unit of measure (pt inserted).
<to be read again> 
                   0
l.119 ...                     \\ \hline \endhead 1
                                                   &
Dimensions can be in units of em, ex, in, pt, pc,
cm, mm, dd, cc, nd, nc, bp, or sp; but yours is a new one!
I'll assume that you meant to say pt, for printer's points.
To recover gracefully from this error, it's best to
delete the erroneous units; e.g., type `2' to delete
two letters. (See Chapter 27 of The TeXbook.)

/Users/dt/Library/CloudStorage/Dropbox/Teaching/causal-inference/syllabus/syllabus-casual-rev3.tex:119: Missing number, treated as zero.
<to be read again> 
                   \relax 
l.119 ...                     \\ \hline \endhead 1
                                                   &
A number should have been here; I inserted `0'.
(If you can't figure out why I needed to see a number,
look up `weird error' in the index to The TeXbook.)

/Users/dt/Library/CloudStorage/Dropbox/Teaching/causal-inference/syllabus/syllabus-casual-rev3.tex:119: Illegal unit of measure (pt inserted).
<to be read again> 
                   \relax 
l.119 ...                     \\ \hline \endhead 1
                                                   &
Dimensions can be in units of em, ex, in, pt, pc,
cm, mm, dd, cc, nd, nc, bp, or sp; but yours is a new one!
I'll assume that you meant to say pt, for printer's points.
To recover gracefully from this error, it's best to
delete the erroneous units; e.g., type `2' to delete
two letters. (See Chapter 27 of The TeXbook.)


Overfull \hbox (15.00005pt too wide) in paragraph at lines 119--119
[]\OT1/cmr/m/n/10 051| 
 []

/Users/dt/Library/CloudStorage/Dropbox/Teaching/causal-inference/syllabus/syllabus-casual-rev3.tex:121: Extra alignment tab has been changed to \cr.
<recently read> \endtemplate 
                             
l.121 ...                                        &
                                                   \textit{Readings:} HR Ch ...
You have given more \span or & marks than there were
in the preamble to the \halign or \valign now in progress.
So I'll assume that you meant to type \cr instead.

/Users/dt/Library/CloudStorage/Dropbox/Teaching/causal-inference/syllabus/syllabus-casual-rev3.tex:121: Illegal unit of measure (pt inserted).
<to be read again> 
                   0
l.121 ...                                & \textit
                                                  {Readings:} HR Ch 1; PGJ C...
Dimensions can be in units of em, ex, in, pt, pc,
cm, mm, dd, cc, nd, nc, bp, or sp; but yours is a new one!
I'll assume that you meant to say pt, for printer's points.
To recover gracefully from this error, it's best to
delete the erroneous units; e.g., type `2' to delete
two letters. (See Chapter 27 of The TeXbook.)

/Users/dt/Library/CloudStorage/Dropbox/Teaching/causal-inference/syllabus/syllabus-casual-rev3.tex:121: Missing number, treated as zero.
<to be read again> 
                   \relax 
l.121 ...                                & \textit
                                                  {Readings:} HR Ch 1; PGJ C...
A number should have been here; I inserted `0'.
(If you can't figure out why I needed to see a number,
look up `weird error' in the index to The TeXbook.)

/Users/dt/Library/CloudStorage/Dropbox/Teaching/causal-inference/syllabus/syllabus-casual-rev3.tex:121: Illegal unit of measure (pt inserted).
<to be read again> 
                   \relax 
l.121 ...                                & \textit
                                                  {Readings:} HR Ch 1; PGJ C...
Dimensions can be in units of em, ex, in, pt, pc,
cm, mm, dd, cc, nd, nc, bp, or sp; but yours is a new one!
I'll assume that you meant to say pt, for printer's points.
To recover gracefully from this error, it's best to
delete the erroneous units; e.g., type `2' to delete
two letters. (See Chapter 27 of The TeXbook.)


Overfull \hbox (51.53864pt too wide) in paragraph at lines 121--121
[]\OT1/cmr/m/n/10 05\OT1/cmr/m/it/10 Readings:
 []


Overfull \hbox (14.86113pt too wide) in paragraph at lines 121--121
\OT1/cmr/m/n/10 HR
 []


Overfull \hbox (12.7778pt too wide) in paragraph at lines 121--121
\OT1/cmr/m/n/10 Ch
 []


Overfull \hbox (7.7778pt too wide) in paragraph at lines 121--121
\OT1/cmr/m/n/10 1;
 []


Overfull \hbox (19.7917pt too wide) in paragraph at lines 121--121
\OT1/cmr/m/n/10 PGJ
 []


Overfull \hbox (12.7778pt too wide) in paragraph at lines 121--121
\OT1/cmr/m/n/10 Ch
 []


Overfull \hbox (5.00002pt too wide) in paragraph at lines 121--121
\OT1/cmr/m/n/10 1| 
 []

/Users/dt/Library/CloudStorage/Dropbox/Teaching/causal-inference/syllabus/syllabus-casual-rev3.tex:121: Illegal unit of measure (pt inserted).
<to be read again> 
                   0
l.121 ...                              \\ \hline 2
                                                   & Potential Outcomes
Dimensions can be in units of em, ex, in, pt, pc,
cm, mm, dd, cc, nd, nc, bp, or sp; but yours is a new one!
I'll assume that you meant to say pt, for printer's points.
To recover gracefully from this error, it's best to
delete the erroneous units; e.g., type `2' to delete
two letters. (See Chapter 27 of The TeXbook.)

/Users/dt/Library/CloudStorage/Dropbox/Teaching/causal-inference/syllabus/syllabus-casual-rev3.tex:121: Missing number, treated as zero.
<to be read again> 
                   \relax 
l.121 ...                              \\ \hline 2
                                                   & Potential Outcomes
A number should have been here; I inserted `0'.
(If you can't figure out why I needed to see a number,
look up `weird error' in the index to The TeXbook.)

/Users/dt/Library/CloudStorage/Dropbox/Teaching/causal-inference/syllabus/syllabus-casual-rev3.tex:121: Illegal unit of measure (pt inserted).
<to be read again> 
                   \relax 
l.121 ...                              \\ \hline 2
                                                   & Potential Outcomes
Dimensions can be in units of em, ex, in, pt, pc,
cm, mm, dd, cc, nd, nc, bp, or sp; but yours is a new one!
I'll assume that you meant to say pt, for printer's points.
To recover gracefully from this error, it's best to
delete the erroneous units; e.g., type `2' to delete
two letters. (See Chapter 27 of The TeXbook.)


Overfull \hbox (15.00005pt too wide) in paragraph at lines 121--121
[]\OT1/cmr/m/n/10 052| 
 []

/Users/dt/Library/CloudStorage/Dropbox/Teaching/causal-inference/syllabus/syllabus-casual-rev3.tex:122: Extra alignment tab has been changed to \cr.
<recently read> \endtemplate 
                             
l.122 ...cy, Randomized Experiments              &
                                                   \textit{Readings:} HR Ch
You have given more \span or & marks than there were
in the preamble to the \halign or \valign now in progress.
So I'll assume that you meant to type \cr instead.

/Users/dt/Library/CloudStorage/Dropbox/Teaching/causal-inference/syllabus/syllabus-casual-rev3.tex:122: Illegal unit of measure (pt inserted).
<to be read again> 
                   0
l.122 ...omized Experiments              & \textit
                                                  {Readings:} HR Ch
Dimensions can be in units of em, ex, in, pt, pc,
cm, mm, dd, cc, nd, nc, bp, or sp; but yours is a new one!
I'll assume that you meant to say pt, for printer's points.
To recover gracefully from this error, it's best to
delete the erroneous units; e.g., type `2' to delete
two letters. (See Chapter 27 of The TeXbook.)

/Users/dt/Library/CloudStorage/Dropbox/Teaching/causal-inference/syllabus/syllabus-casual-rev3.tex:122: Missing number, treated as zero.
<to be read again> 
                   \relax 
l.122 ...omized Experiments              & \textit
                                                  {Readings:} HR Ch
A number should have been here; I inserted `0'.
(If you can't figure out why I needed to see a number,
look up `weird error' in the index to The TeXbook.)

/Users/dt/Library/CloudStorage/Dropbox/Teaching/causal-inference/syllabus/syllabus-casual-rev3.tex:122: Illegal unit of measure (pt inserted).
<to be read again> 
                   \relax 
l.122 ...omized Experiments              & \textit
                                                  {Readings:} HR Ch
Dimensions can be in units of em, ex, in, pt, pc,
cm, mm, dd, cc, nd, nc, bp, or sp; but yours is a new one!
I'll assume that you meant to say pt, for printer's points.
To recover gracefully from this error, it's best to
delete the erroneous units; e.g., type `2' to delete
two letters. (See Chapter 27 of The TeXbook.)


Overfull \hbox (51.53864pt too wide) in paragraph at lines 122--123
[]\OT1/cmr/m/n/10 05\OT1/cmr/m/it/10 Readings:
 []


Overfull \hbox (14.86113pt too wide) in paragraph at lines 122--123
\OT1/cmr/m/n/10 HR
 []


Overfull \hbox (12.7778pt too wide) in paragraph at lines 122--123
\OT1/cmr/m/n/10 Ch
 []


Overfull \hbox (8.33334pt too wide) in paragraph at lines 122--123
\OT1/cmr/m/n/10 2-
 []


Overfull \hbox (7.7778pt too wide) in paragraph at lines 122--123
\OT1/cmr/m/n/10 3;
 []


Overfull \hbox (10.97223pt too wide) in paragraph at lines 122--123
\OT1/cmr/m/n/10 IR
 []


Overfull \hbox (12.7778pt too wide) in paragraph at lines 122--123
\OT1/cmr/m/n/10 Ch
 []


Overfull \hbox (8.33334pt too wide) in paragraph at lines 122--123
\OT1/cmr/m/n/10 2-
 []


Overfull \hbox (5.00002pt too wide) in paragraph at lines 122--123
\OT1/cmr/m/n/10 3| 
 []

/Users/dt/Library/CloudStorage/Dropbox/Teaching/causal-inference/syllabus/syllabus-casual-rev3.tex:123: Illegal unit of measure (pt inserted).
<to be read again> 
                   0
l.123 ...                              \\ \hline 3
                                                   & Causal Graphs (DAGs) & ...
Dimensions can be in units of em, ex, in, pt, pc,
cm, mm, dd, cc, nd, nc, bp, or sp; but yours is a new one!
I'll assume that you meant to say pt, for printer's points.
To recover gracefully from this error, it's best to
delete the erroneous units; e.g., type `2' to delete
two letters. (See Chapter 27 of The TeXbook.)

/Users/dt/Library/CloudStorage/Dropbox/Teaching/causal-inference/syllabus/syllabus-casual-rev3.tex:123: Missing number, treated as zero.
<to be read again> 
                   \relax 
l.123 ...                              \\ \hline 3
                                                   & Causal Graphs (DAGs) & ...
A number should have been here; I inserted `0'.
(If you can't figure out why I needed to see a number,
look up `weird error' in the index to The TeXbook.)

/Users/dt/Library/CloudStorage/Dropbox/Teaching/causal-inference/syllabus/syllabus-casual-rev3.tex:123: Illegal unit of measure (pt inserted).
<to be read again> 
                   \relax 
l.123 ...                              \\ \hline 3
                                                   & Causal Graphs (DAGs) & ...
Dimensions can be in units of em, ex, in, pt, pc,
cm, mm, dd, cc, nd, nc, bp, or sp; but yours is a new one!
I'll assume that you meant to say pt, for printer's points.
To recover gracefully from this error, it's best to
delete the erroneous units; e.g., type `2' to delete
two letters. (See Chapter 27 of The TeXbook.)


Overfull \hbox (15.00005pt too wide) in paragraph at lines 123--123
[]\OT1/cmr/m/n/10 053| 
 []

/Users/dt/Library/CloudStorage/Dropbox/Teaching/causal-inference/syllabus/syllabus-casual-rev3.tex:124: Extra alignment tab has been changed to \cr.
<recently read> \endtemplate 
                             
l.124 ...n                                       &
                                                   \textit{Readings:} PGJ Ch...
You have given more \span or & marks than there were
in the preamble to the \halign or \valign now in progress.
So I'll assume that you meant to type \cr instead.

/Users/dt/Library/CloudStorage/Dropbox/Teaching/causal-inference/syllabus/syllabus-casual-rev3.tex:124: Illegal unit of measure (pt inserted).
<to be read again> 
                   0
l.124 ...                                & \textit
                                                  {Readings:} PGJ Ch 2; HR C...
Dimensions can be in units of em, ex, in, pt, pc,
cm, mm, dd, cc, nd, nc, bp, or sp; but yours is a new one!
I'll assume that you meant to say pt, for printer's points.
To recover gracefully from this error, it's best to
delete the erroneous units; e.g., type `2' to delete
two letters. (See Chapter 27 of The TeXbook.)

/Users/dt/Library/CloudStorage/Dropbox/Teaching/causal-inference/syllabus/syllabus-casual-rev3.tex:124: Missing number, treated as zero.
<to be read again> 
                   \relax 
l.124 ...                                & \textit
                                                  {Readings:} PGJ Ch 2; HR C...
A number should have been here; I inserted `0'.
(If you can't figure out why I needed to see a number,
look up `weird error' in the index to The TeXbook.)

/Users/dt/Library/CloudStorage/Dropbox/Teaching/causal-inference/syllabus/syllabus-casual-rev3.tex:124: Illegal unit of measure (pt inserted).
<to be read again> 
                   \relax 
l.124 ...                                & \textit
                                                  {Readings:} PGJ Ch 2; HR C...
Dimensions can be in units of em, ex, in, pt, pc,
cm, mm, dd, cc, nd, nc, bp, or sp; but yours is a new one!
I'll assume that you meant to say pt, for printer's points.
To recover gracefully from this error, it's best to
delete the erroneous units; e.g., type `2' to delete
two letters. (See Chapter 27 of The TeXbook.)


Overfull \hbox (51.53864pt too wide) in paragraph at lines 124--125
[]\OT1/cmr/m/n/10 05\OT1/cmr/m/it/10 Readings:
 []


Overfull \hbox (19.7917pt too wide) in paragraph at lines 124--125
\OT1/cmr/m/n/10 PGJ
 []


Overfull \hbox (12.7778pt too wide) in paragraph at lines 124--125
\OT1/cmr/m/n/10 Ch
 []


Overfull \hbox (7.7778pt too wide) in paragraph at lines 124--125
\OT1/cmr/m/n/10 2;
 []


Overfull \hbox (14.86113pt too wide) in paragraph at lines 124--125
\OT1/cmr/m/n/10 HR
 []


Overfull \hbox (12.7778pt too wide) in paragraph at lines 124--125
\OT1/cmr/m/n/10 Ch
 []


Overfull \hbox (8.33334pt too wide) in paragraph at lines 124--125
\OT1/cmr/m/n/10 6-
 []


Overfull \hbox (5.00002pt too wide) in paragraph at lines 124--125
\OT1/cmr/m/n/10 7| 
 []

/Users/dt/Library/CloudStorage/Dropbox/Teaching/causal-inference/syllabus/syllabus-casual-rev3.tex:125: Illegal unit of measure (pt inserted).
<to be read again> 
                   0
l.125         \hline 4
                                                                            ...
Dimensions can be in units of em, ex, in, pt, pc,
cm, mm, dd, cc, nd, nc, bp, or sp; but yours is a new one!
I'll assume that you meant to say pt, for printer's points.
To recover gracefully from this error, it's best to
delete the erroneous units; e.g., type `2' to delete
two letters. (See Chapter 27 of The TeXbook.)

/Users/dt/Library/CloudStorage/Dropbox/Teaching/causal-inference/syllabus/syllabus-casual-rev3.tex:125: Missing number, treated as zero.
<to be read again> 
                   \relax 
l.125         \hline 4
                                                                            ...
A number should have been here; I inserted `0'.
(If you can't figure out why I needed to see a number,
look up `weird error' in the index to The TeXbook.)

/Users/dt/Library/CloudStorage/Dropbox/Teaching/causal-inference/syllabus/syllabus-casual-rev3.tex:125: Illegal unit of measure (pt inserted).
<to be read again> 
                   \relax 
l.125         \hline 4
                                                                            ...
Dimensions can be in units of em, ex, in, pt, pc,
cm, mm, dd, cc, nd, nc, bp, or sp; but yours is a new one!
I'll assume that you meant to say pt, for printer's points.
To recover gracefully from this error, it's best to
delete the erroneous units; e.g., type `2' to delete
two letters. (See Chapter 27 of The TeXbook.)


Overfull \hbox (15.00005pt too wide) in paragraph at lines 125--125
[]\OT1/cmr/m/n/10 054| 
 []

/Users/dt/Library/CloudStorage/Dropbox/Teaching/causal-inference/syllabus/syllabus-casual-rev3.tex:126: Extra alignment tab has been changed to \cr.
<recently read> \endtemplate 
                             
l.126 ...                                        &
                                                   \textit{Readings:} PGJ Ch...
You have given more \span or & marks than there were
in the preamble to the \halign or \valign now in progress.
So I'll assume that you meant to type \cr instead.

/Users/dt/Library/CloudStorage/Dropbox/Teaching/causal-inference/syllabus/syllabus-casual-rev3.tex:126: Illegal unit of measure (pt inserted).
<to be read again> 
                   0
l.126 ...                                & \textit
                                                  {Readings:} PGJ Ch 3, HR C...
Dimensions can be in units of em, ex, in, pt, pc,
cm, mm, dd, cc, nd, nc, bp, or sp; but yours is a new one!
I'll assume that you meant to say pt, for printer's points.
To recover gracefully from this error, it's best to
delete the erroneous units; e.g., type `2' to delete
two letters. (See Chapter 27 of The TeXbook.)

/Users/dt/Library/CloudStorage/Dropbox/Teaching/causal-inference/syllabus/syllabus-casual-rev3.tex:126: Missing number, treated as zero.
<to be read again> 
                   \relax 
l.126 ...                                & \textit
                                                  {Readings:} PGJ Ch 3, HR C...
A number should have been here; I inserted `0'.
(If you can't figure out why I needed to see a number,
look up `weird error' in the index to The TeXbook.)

/Users/dt/Library/CloudStorage/Dropbox/Teaching/causal-inference/syllabus/syllabus-casual-rev3.tex:126: Illegal unit of measure (pt inserted).
<to be read again> 
                   \relax 
l.126 ...                                & \textit
                                                  {Readings:} PGJ Ch 3, HR C...
Dimensions can be in units of em, ex, in, pt, pc,
cm, mm, dd, cc, nd, nc, bp, or sp; but yours is a new one!
I'll assume that you meant to say pt, for printer's points.
To recover gracefully from this error, it's best to
delete the erroneous units; e.g., type `2' to delete
two letters. (See Chapter 27 of The TeXbook.)


Overfull \hbox (51.53864pt too wide) in paragraph at lines 126--126
[]\OT1/cmr/m/n/10 05\OT1/cmr/m/it/10 Readings:
 []


Overfull \hbox (19.7917pt too wide) in paragraph at lines 126--126
\OT1/cmr/m/n/10 PGJ
 []


Overfull \hbox (12.7778pt too wide) in paragraph at lines 126--126
\OT1/cmr/m/n/10 Ch
 []


Overfull \hbox (7.7778pt too wide) in paragraph at lines 126--126
\OT1/cmr/m/n/10 3,
 []


Overfull \hbox (14.86113pt too wide) in paragraph at lines 126--126
\OT1/cmr/m/n/10 HR
 []


Overfull \hbox (12.7778pt too wide) in paragraph at lines 126--126
\OT1/cmr/m/n/10 Ch
 []


Overfull \hbox (5.00002pt too wide) in paragraph at lines 126--126
\OT1/cmr/m/n/10 8| 
 []

/Users/dt/Library/CloudStorage/Dropbox/Teaching/causal-inference/syllabus/syllabus-casual-rev3.tex:126: Illegal unit of measure (pt inserted).
<to be read again> 
                   0
l.126 ...                              \\ \hline 5
                                                   &
Dimensions can be in units of em, ex, in, pt, pc,
cm, mm, dd, cc, nd, nc, bp, or sp; but yours is a new one!
I'll assume that you meant to say pt, for printer's points.
To recover gracefully from this error, it's best to
delete the erroneous units; e.g., type `2' to delete
two letters. (See Chapter 27 of The TeXbook.)

/Users/dt/Library/CloudStorage/Dropbox/Teaching/causal-inference/syllabus/syllabus-casual-rev3.tex:126: Missing number, treated as zero.
<to be read again> 
                   \relax 
l.126 ...                              \\ \hline 5
                                                   &
A number should have been here; I inserted `0'.
(If you can't figure out why I needed to see a number,
look up `weird error' in the index to The TeXbook.)

/Users/dt/Library/CloudStorage/Dropbox/Teaching/causal-inference/syllabus/syllabus-casual-rev3.tex:126: Illegal unit of measure (pt inserted).
<to be read again> 
                   \relax 
l.126 ...                              \\ \hline 5
                                                   &
Dimensions can be in units of em, ex, in, pt, pc,
cm, mm, dd, cc, nd, nc, bp, or sp; but yours is a new one!
I'll assume that you meant to say pt, for printer's points.
To recover gracefully from this error, it's best to
delete the erroneous units; e.g., type `2' to delete
two letters. (See Chapter 27 of The TeXbook.)


Overfull \hbox (15.00005pt too wide) in paragraph at lines 126--126
[]\OT1/cmr/m/n/10 055| 
 []

/Users/dt/Library/CloudStorage/Dropbox/Teaching/causal-inference/syllabus/syllabus-casual-rev3.tex:127: Extra alignment tab has been changed to \cr.
<recently read> \endtemplate 
                             
l.127 ...ty, Positivity, Standardization         &
                                                  
You have given more \span or & marks than there were
in the preamble to the \halign or \valign now in progress.
So I'll assume that you meant to type \cr instead.

/Users/dt/Library/CloudStorage/Dropbox/Teaching/causal-inference/syllabus/syllabus-casual-rev3.tex:128: Illegal unit of measure (pt inserted).
<to be read again> 
                   0
l.128         \textit
                     {Readings:} HR Ch 4-5                                  ...
Dimensions can be in units of em, ex, in, pt, pc,
cm, mm, dd, cc, nd, nc, bp, or sp; but yours is a new one!
I'll assume that you meant to say pt, for printer's points.
To recover gracefully from this error, it's best to
delete the erroneous units; e.g., type `2' to delete
two letters. (See Chapter 27 of The TeXbook.)

/Users/dt/Library/CloudStorage/Dropbox/Teaching/causal-inference/syllabus/syllabus-casual-rev3.tex:128: Missing number, treated as zero.
<to be read again> 
                   \relax 
l.128         \textit
                     {Readings:} HR Ch 4-5                                  ...
A number should have been here; I inserted `0'.
(If you can't figure out why I needed to see a number,
look up `weird error' in the index to The TeXbook.)

/Users/dt/Library/CloudStorage/Dropbox/Teaching/causal-inference/syllabus/syllabus-casual-rev3.tex:128: Illegal unit of measure (pt inserted).
<to be read again> 
                   \relax 
l.128         \textit
                     {Readings:} HR Ch 4-5                                  ...
Dimensions can be in units of em, ex, in, pt, pc,
cm, mm, dd, cc, nd, nc, bp, or sp; but yours is a new one!
I'll assume that you meant to say pt, for printer's points.
To recover gracefully from this error, it's best to
delete the erroneous units; e.g., type `2' to delete
two letters. (See Chapter 27 of The TeXbook.)


Overfull \hbox (51.53864pt too wide) in paragraph at lines 128--128
[]\OT1/cmr/m/n/10 05\OT1/cmr/m/it/10 Readings:
 []


Overfull \hbox (14.86113pt too wide) in paragraph at lines 128--128
\OT1/cmr/m/n/10 HR
 []


Overfull \hbox (12.7778pt too wide) in paragraph at lines 128--128
\OT1/cmr/m/n/10 Ch
 []


Overfull \hbox (8.33334pt too wide) in paragraph at lines 128--128
\OT1/cmr/m/n/10 4-
 []


Overfull \hbox (5.00002pt too wide) in paragraph at lines 128--128
\OT1/cmr/m/n/10 5| 
 []

/Users/dt/Library/CloudStorage/Dropbox/Teaching/causal-inference/syllabus/syllabus-casual-rev3.tex:128: Illegal unit of measure (pt inserted).
<to be read again> 
                   0
l.128 ...                              \\ \hline 6
                                                   & Propensity Scores & Bal...
Dimensions can be in units of em, ex, in, pt, pc,
cm, mm, dd, cc, nd, nc, bp, or sp; but yours is a new one!
I'll assume that you meant to say pt, for printer's points.
To recover gracefully from this error, it's best to
delete the erroneous units; e.g., type `2' to delete
two letters. (See Chapter 27 of The TeXbook.)

/Users/dt/Library/CloudStorage/Dropbox/Teaching/causal-inference/syllabus/syllabus-casual-rev3.tex:128: Missing number, treated as zero.
<to be read again> 
                   \relax 
l.128 ...                              \\ \hline 6
                                                   & Propensity Scores & Bal...
A number should have been here; I inserted `0'.
(If you can't figure out why I needed to see a number,
look up `weird error' in the index to The TeXbook.)

/Users/dt/Library/CloudStorage/Dropbox/Teaching/causal-inference/syllabus/syllabus-casual-rev3.tex:128: Illegal unit of measure (pt inserted).
<to be read again> 
                   \relax 
l.128 ...                              \\ \hline 6
                                                   & Propensity Scores & Bal...
Dimensions can be in units of em, ex, in, pt, pc,
cm, mm, dd, cc, nd, nc, bp, or sp; but yours is a new one!
I'll assume that you meant to say pt, for printer's points.
To recover gracefully from this error, it's best to
delete the erroneous units; e.g., type `2' to delete
two letters. (See Chapter 27 of The TeXbook.)


Overfull \hbox (15.00005pt too wide) in paragraph at lines 128--128
[]\OT1/cmr/m/n/10 056| 
 []

/Users/dt/Library/CloudStorage/Dropbox/Teaching/causal-inference/syllabus/syllabus-casual-rev3.tex:129: Extra alignment tab has been changed to \cr.
<recently read> \endtemplate 
                             
l.129 ...                                        &
                                                   \textit{Readings:} HR Ch ...
You have given more \span or & marks than there were
in the preamble to the \halign or \valign now in progress.
So I'll assume that you meant to type \cr instead.

/Users/dt/Library/CloudStorage/Dropbox/Teaching/causal-inference/syllabus/syllabus-casual-rev3.tex:129: Illegal unit of measure (pt inserted).
<to be read again> 
                   0
l.129 ...                                & \textit
                                                  {Readings:} HR Ch 12-13; I...
Dimensions can be in units of em, ex, in, pt, pc,
cm, mm, dd, cc, nd, nc, bp, or sp; but yours is a new one!
I'll assume that you meant to say pt, for printer's points.
To recover gracefully from this error, it's best to
delete the erroneous units; e.g., type `2' to delete
two letters. (See Chapter 27 of The TeXbook.)

/Users/dt/Library/CloudStorage/Dropbox/Teaching/causal-inference/syllabus/syllabus-casual-rev3.tex:129: Missing number, treated as zero.
<to be read again> 
                   \relax 
l.129 ...                                & \textit
                                                  {Readings:} HR Ch 12-13; I...
A number should have been here; I inserted `0'.
(If you can't figure out why I needed to see a number,
look up `weird error' in the index to The TeXbook.)

/Users/dt/Library/CloudStorage/Dropbox/Teaching/causal-inference/syllabus/syllabus-casual-rev3.tex:129: Illegal unit of measure (pt inserted).
<to be read again> 
                   \relax 
l.129 ...                                & \textit
                                                  {Readings:} HR Ch 12-13; I...
Dimensions can be in units of em, ex, in, pt, pc,
cm, mm, dd, cc, nd, nc, bp, or sp; but yours is a new one!
I'll assume that you meant to say pt, for printer's points.
To recover gracefully from this error, it's best to
delete the erroneous units; e.g., type `2' to delete
two letters. (See Chapter 27 of The TeXbook.)


Overfull \hbox (51.53864pt too wide) in paragraph at lines 129--130
[]\OT1/cmr/m/n/10 05\OT1/cmr/m/it/10 Readings:
 []


Overfull \hbox (14.86113pt too wide) in paragraph at lines 129--130
\OT1/cmr/m/n/10 HR
 []


Overfull \hbox (12.7778pt too wide) in paragraph at lines 129--130
\OT1/cmr/m/n/10 Ch
 []


Overfull \hbox (13.33336pt too wide) in paragraph at lines 129--130
\OT1/cmr/m/n/10 12-
 []


Overfull \hbox (12.77782pt too wide) in paragraph at lines 129--130
\OT1/cmr/m/n/10 13;
 []


Overfull \hbox (10.97223pt too wide) in paragraph at lines 129--130
\OT1/cmr/m/n/10 IR
 []


Overfull \hbox (12.7778pt too wide) in paragraph at lines 129--130
\OT1/cmr/m/n/10 Ch
 []


Overfull \hbox (13.33336pt too wide) in paragraph at lines 129--130
\OT1/cmr/m/n/10 13-
 []


Overfull \hbox (10.00003pt too wide) in paragraph at lines 129--130
\OT1/cmr/m/n/10 18| 
 []

/Users/dt/Library/CloudStorage/Dropbox/Teaching/causal-inference/syllabus/syllabus-casual-rev3.tex:130: Illegal unit of measure (pt inserted).
<to be read again> 
                   0
l.130         \hline 7
                                                                            ...
Dimensions can be in units of em, ex, in, pt, pc,
cm, mm, dd, cc, nd, nc, bp, or sp; but yours is a new one!
I'll assume that you meant to say pt, for printer's points.
To recover gracefully from this error, it's best to
delete the erroneous units; e.g., type `2' to delete
two letters. (See Chapter 27 of The TeXbook.)

/Users/dt/Library/CloudStorage/Dropbox/Teaching/causal-inference/syllabus/syllabus-casual-rev3.tex:130: Missing number, treated as zero.
<to be read again> 
                   \relax 
l.130         \hline 7
                                                                            ...
A number should have been here; I inserted `0'.
(If you can't figure out why I needed to see a number,
look up `weird error' in the index to The TeXbook.)

/Users/dt/Library/CloudStorage/Dropbox/Teaching/causal-inference/syllabus/syllabus-casual-rev3.tex:130: Illegal unit of measure (pt inserted).
<to be read again> 
                   \relax 
l.130         \hline 7
                                                                            ...
Dimensions can be in units of em, ex, in, pt, pc,
cm, mm, dd, cc, nd, nc, bp, or sp; but yours is a new one!
I'll assume that you meant to say pt, for printer's points.
To recover gracefully from this error, it's best to
delete the erroneous units; e.g., type `2' to delete
two letters. (See Chapter 27 of The TeXbook.)


Overfull \hbox (15.00005pt too wide) in paragraph at lines 130--130
[]\OT1/cmr/m/n/10 057| 
 []

/Users/dt/Library/CloudStorage/Dropbox/Teaching/causal-inference/syllabus/syllabus-casual-rev3.tex:131: Extra alignment tab has been changed to \cr.
<template> \endtemplate 
                        
l.131         1-6.}
                                                                            ...
You have given more \span or & marks than there were
in the preamble to the \halign or \valign now in progress.
So I'll assume that you meant to type \cr instead.

/Users/dt/Library/CloudStorage/Dropbox/Teaching/causal-inference/syllabus/syllabus-casual-rev3.tex:131: Illegal unit of measure (pt inserted).
<to be read again> 
                   0
l.131 ...                              \\ \hline 8
                                                   & Instrumental Variables ...
Dimensions can be in units of em, ex, in, pt, pc,
cm, mm, dd, cc, nd, nc, bp, or sp; but yours is a new one!
I'll assume that you meant to say pt, for printer's points.
To recover gracefully from this error, it's best to
delete the erroneous units; e.g., type `2' to delete
two letters. (See Chapter 27 of The TeXbook.)

/Users/dt/Library/CloudStorage/Dropbox/Teaching/causal-inference/syllabus/syllabus-casual-rev3.tex:131: Missing number, treated as zero.
<to be read again> 
                   \relax 
l.131 ...                              \\ \hline 8
                                                   & Instrumental Variables ...
A number should have been here; I inserted `0'.
(If you can't figure out why I needed to see a number,
look up `weird error' in the index to The TeXbook.)

/Users/dt/Library/CloudStorage/Dropbox/Teaching/causal-inference/syllabus/syllabus-casual-rev3.tex:131: Illegal unit of measure (pt inserted).
<to be read again> 
                   \relax 
l.131 ...                              \\ \hline 8
                                                   & Instrumental Variables ...
Dimensions can be in units of em, ex, in, pt, pc,
cm, mm, dd, cc, nd, nc, bp, or sp; but yours is a new one!
I'll assume that you meant to say pt, for printer's points.
To recover gracefully from this error, it's best to
delete the erroneous units; e.g., type `2' to delete
two letters. (See Chapter 27 of The TeXbook.)


Overfull \hbox (15.00005pt too wide) in paragraph at lines 131--131
[]\OT1/cmr/m/n/10 058| 
 []

/Users/dt/Library/CloudStorage/Dropbox/Teaching/causal-inference/syllabus/syllabus-casual-rev3.tex:132: Extra alignment tab has been changed to \cr.
<recently read> \endtemplate 
                             
l.132 ...                                        &
                                                   \textit{Readings:} HR Ch ...
You have given more \span or & marks than there were
in the preamble to the \halign or \valign now in progress.
So I'll assume that you meant to type \cr instead.

/Users/dt/Library/CloudStorage/Dropbox/Teaching/causal-inference/syllabus/syllabus-casual-rev3.tex:132: Illegal unit of measure (pt inserted).
<to be read again> 
                   0
l.132 ...                                & \textit
                                                  {Readings:} HR Ch 16; IR C...
Dimensions can be in units of em, ex, in, pt, pc,
cm, mm, dd, cc, nd, nc, bp, or sp; but yours is a new one!
I'll assume that you meant to say pt, for printer's points.
To recover gracefully from this error, it's best to
delete the erroneous units; e.g., type `2' to delete
two letters. (See Chapter 27 of The TeXbook.)

/Users/dt/Library/CloudStorage/Dropbox/Teaching/causal-inference/syllabus/syllabus-casual-rev3.tex:132: Missing number, treated as zero.
<to be read again> 
                   \relax 
l.132 ...                                & \textit
                                                  {Readings:} HR Ch 16; IR C...
A number should have been here; I inserted `0'.
(If you can't figure out why I needed to see a number,
look up `weird error' in the index to The TeXbook.)

/Users/dt/Library/CloudStorage/Dropbox/Teaching/causal-inference/syllabus/syllabus-casual-rev3.tex:132: Illegal unit of measure (pt inserted).
<to be read again> 
                   \relax 
l.132 ...                                & \textit
                                                  {Readings:} HR Ch 16; IR C...
Dimensions can be in units of em, ex, in, pt, pc,
cm, mm, dd, cc, nd, nc, bp, or sp; but yours is a new one!
I'll assume that you meant to say pt, for printer's points.
To recover gracefully from this error, it's best to
delete the erroneous units; e.g., type `2' to delete
two letters. (See Chapter 27 of The TeXbook.)


Overfull \hbox (51.53864pt too wide) in paragraph at lines 132--132
[]\OT1/cmr/m/n/10 05\OT1/cmr/m/it/10 Readings:
 []


Overfull \hbox (14.86113pt too wide) in paragraph at lines 132--132
\OT1/cmr/m/n/10 HR
 []


Overfull \hbox (12.7778pt too wide) in paragraph at lines 132--132
\OT1/cmr/m/n/10 Ch
 []


Overfull \hbox (12.77782pt too wide) in paragraph at lines 132--132
\OT1/cmr/m/n/10 16;
 []


Overfull \hbox (10.97223pt too wide) in paragraph at lines 132--132
\OT1/cmr/m/n/10 IR
 []


Overfull \hbox (12.7778pt too wide) in paragraph at lines 132--132
\OT1/cmr/m/n/10 Ch
 []


Overfull \hbox (10.00003pt too wide) in paragraph at lines 132--132
\OT1/cmr/m/n/10 23| 
 []

/Users/dt/Library/CloudStorage/Dropbox/Teaching/causal-inference/syllabus/syllabus-casual-rev3.tex:133: Illegal unit of measure (pt inserted).
<to be read again> 
                   0
l.133         9
                                                                            ...
Dimensions can be in units of em, ex, in, pt, pc,
cm, mm, dd, cc, nd, nc, bp, or sp; but yours is a new one!
I'll assume that you meant to say pt, for printer's points.
To recover gracefully from this error, it's best to
delete the erroneous units; e.g., type `2' to delete
two letters. (See Chapter 27 of The TeXbook.)

/Users/dt/Library/CloudStorage/Dropbox/Teaching/causal-inference/syllabus/syllabus-casual-rev3.tex:133: Missing number, treated as zero.
<to be read again> 
                   \relax 
l.133         9
                                                                            ...
A number should have been here; I inserted `0'.
(If you can't figure out why I needed to see a number,
look up `weird error' in the index to The TeXbook.)

/Users/dt/Library/CloudStorage/Dropbox/Teaching/causal-inference/syllabus/syllabus-casual-rev3.tex:133: Illegal unit of measure (pt inserted).
<to be read again> 
                   \relax 
l.133         9
                                                                            ...
Dimensions can be in units of em, ex, in, pt, pc,
cm, mm, dd, cc, nd, nc, bp, or sp; but yours is a new one!
I'll assume that you meant to say pt, for printer's points.
To recover gracefully from this error, it's best to
delete the erroneous units; e.g., type `2' to delete
two letters. (See Chapter 27 of The TeXbook.)


Overfull \hbox (15.00005pt too wide) in paragraph at lines 133--133
[]\OT1/cmr/m/n/10 059| 
 []

/Users/dt/Library/CloudStorage/Dropbox/Teaching/causal-inference/syllabus/syllabus-casual-rev3.tex:134: Extra alignment tab has been changed to \cr.
<recently read> \endtemplate 
                             
l.134 ...                                        &
                                                   \textit{Readings:} Vander...
You have given more \span or & marks than there were
in the preamble to the \halign or \valign now in progress.
So I'll assume that you meant to type \cr instead.

/Users/dt/Library/CloudStorage/Dropbox/Teaching/causal-inference/syllabus/syllabus-casual-rev3.tex:134: Illegal unit of measure (pt inserted).
<to be read again> 
                   0
l.134 ...                                & \textit
                                                  {Readings:} VanderWeele Ch...
Dimensions can be in units of em, ex, in, pt, pc,
cm, mm, dd, cc, nd, nc, bp, or sp; but yours is a new one!
I'll assume that you meant to say pt, for printer's points.
To recover gracefully from this error, it's best to
delete the erroneous units; e.g., type `2' to delete
two letters. (See Chapter 27 of The TeXbook.)

/Users/dt/Library/CloudStorage/Dropbox/Teaching/causal-inference/syllabus/syllabus-casual-rev3.tex:134: Missing number, treated as zero.
<to be read again> 
                   \relax 
l.134 ...                                & \textit
                                                  {Readings:} VanderWeele Ch...
A number should have been here; I inserted `0'.
(If you can't figure out why I needed to see a number,
look up `weird error' in the index to The TeXbook.)

/Users/dt/Library/CloudStorage/Dropbox/Teaching/causal-inference/syllabus/syllabus-casual-rev3.tex:134: Illegal unit of measure (pt inserted).
<to be read again> 
                   \relax 
l.134 ...                                & \textit
                                                  {Readings:} VanderWeele Ch...
Dimensions can be in units of em, ex, in, pt, pc,
cm, mm, dd, cc, nd, nc, bp, or sp; but yours is a new one!
I'll assume that you meant to say pt, for printer's points.
To recover gracefully from this error, it's best to
delete the erroneous units; e.g., type `2' to delete
two letters. (See Chapter 27 of The TeXbook.)


Overfull \hbox (51.53864pt too wide) in paragraph at lines 134--134
[]\OT1/cmr/m/n/10 05\OT1/cmr/m/it/10 Readings:
 []


Overfull \hbox (20.55559pt too wide) in paragraph at lines 134--134
\OT1/cmr/m/n/10 Van-
 []


Overfull \hbox (17.25002pt too wide) in paragraph at lines 134--134
\OT1/cmr/m/n/10 der-
 []


Overfull \hbox (25.55557pt too wide) in paragraph at lines 134--134
\OT1/cmr/m/n/10 Weele
 []


Overfull \hbox (12.7778pt too wide) in paragraph at lines 134--134
\OT1/cmr/m/n/10 Ch
 []


Overfull \hbox (8.33334pt too wide) in paragraph at lines 134--134
\OT1/cmr/m/n/10 1-
 []


Overfull \hbox (5.00002pt too wide) in paragraph at lines 134--134
\OT1/cmr/m/n/10 2| 
 []

/Users/dt/Library/CloudStorage/Dropbox/Teaching/causal-inference/syllabus/syllabus-casual-rev3.tex:134: Illegal unit of measure (pt inserted).
<to be read again> 
                   0
l.134 ...                              \\ \hline 1
                                                  0 & Causal
Dimensions can be in units of em, ex, in, pt, pc,
cm, mm, dd, cc, nd, nc, bp, or sp; but yours is a new one!
I'll assume that you meant to say pt, for printer's points.
To recover gracefully from this error, it's best to
delete the erroneous units; e.g., type `2' to delete
two letters. (See Chapter 27 of The TeXbook.)

/Users/dt/Library/CloudStorage/Dropbox/Teaching/causal-inference/syllabus/syllabus-casual-rev3.tex:134: Missing number, treated as zero.
<to be read again> 
                   \relax 
l.134 ...                              \\ \hline 1
                                                  0 & Causal
A number should have been here; I inserted `0'.
(If you can't figure out why I needed to see a number,
look up `weird error' in the index to The TeXbook.)

/Users/dt/Library/CloudStorage/Dropbox/Teaching/causal-inference/syllabus/syllabus-casual-rev3.tex:134: Illegal unit of measure (pt inserted).
<to be read again> 
                   \relax 
l.134 ...                              \\ \hline 1
                                                  0 & Causal
Dimensions can be in units of em, ex, in, pt, pc,
cm, mm, dd, cc, nd, nc, bp, or sp; but yours is a new one!
I'll assume that you meant to say pt, for printer's points.
To recover gracefully from this error, it's best to
delete the erroneous units; e.g., type `2' to delete
two letters. (See Chapter 27 of The TeXbook.)


Overfull \hbox (20.00006pt too wide) in paragraph at lines 134--134
[]\OT1/cmr/m/n/10 0510| 
 []

/Users/dt/Library/CloudStorage/Dropbox/Teaching/causal-inference/syllabus/syllabus-casual-rev3.tex:135: Extra alignment tab has been changed to \cr.
<recently read> \endtemplate 
                             
l.135 ...oduct Methods), Interaction             &
                                                  
You have given more \span or & marks than there were
in the preamble to the \halign or \valign now in progress.
So I'll assume that you meant to type \cr instead.

/Users/dt/Library/CloudStorage/Dropbox/Teaching/causal-inference/syllabus/syllabus-casual-rev3.tex:136: Illegal unit of measure (pt inserted).
<to be read again> 
                   0
l.136         \textit
                     {Readings:} VanderWeele Ch 3-4                         ...
Dimensions can be in units of em, ex, in, pt, pc,
cm, mm, dd, cc, nd, nc, bp, or sp; but yours is a new one!
I'll assume that you meant to say pt, for printer's points.
To recover gracefully from this error, it's best to
delete the erroneous units; e.g., type `2' to delete
two letters. (See Chapter 27 of The TeXbook.)

/Users/dt/Library/CloudStorage/Dropbox/Teaching/causal-inference/syllabus/syllabus-casual-rev3.tex:136: Missing number, treated as zero.
<to be read again> 
                   \relax 
l.136         \textit
                     {Readings:} VanderWeele Ch 3-4                         ...
A number should have been here; I inserted `0'.
(If you can't figure out why I needed to see a number,
look up `weird error' in the index to The TeXbook.)

/Users/dt/Library/CloudStorage/Dropbox/Teaching/causal-inference/syllabus/syllabus-casual-rev3.tex:136: Illegal unit of measure (pt inserted).
<to be read again> 
                   \relax 
l.136         \textit
                     {Readings:} VanderWeele Ch 3-4                         ...
Dimensions can be in units of em, ex, in, pt, pc,
cm, mm, dd, cc, nd, nc, bp, or sp; but yours is a new one!
I'll assume that you meant to say pt, for printer's points.
To recover gracefully from this error, it's best to
delete the erroneous units; e.g., type `2' to delete
two letters. (See Chapter 27 of The TeXbook.)


Overfull \hbox (51.53864pt too wide) in paragraph at lines 136--136
[]\OT1/cmr/m/n/10 05\OT1/cmr/m/it/10 Readings:
 []


Overfull \hbox (20.55559pt too wide) in paragraph at lines 136--136
\OT1/cmr/m/n/10 Van-
 []


Overfull \hbox (17.25002pt too wide) in paragraph at lines 136--136
\OT1/cmr/m/n/10 der-
 []


Overfull \hbox (25.55557pt too wide) in paragraph at lines 136--136
\OT1/cmr/m/n/10 Weele
 []


Overfull \hbox (12.7778pt too wide) in paragraph at lines 136--136
\OT1/cmr/m/n/10 Ch
 []


Overfull \hbox (8.33334pt too wide) in paragraph at lines 136--136
\OT1/cmr/m/n/10 3-
 []


Overfull \hbox (5.00002pt too wide) in paragraph at lines 136--136
\OT1/cmr/m/n/10 4| 
 []

/Users/dt/Library/CloudStorage/Dropbox/Teaching/causal-inference/syllabus/syllabus-casual-rev3.tex:136: Illegal unit of measure (pt inserted).
<to be read again> 
                   0
l.136 ...                              \\ \hline 1
                                                  1 & Sensitivity Analysis &
Dimensions can be in units of em, ex, in, pt, pc,
cm, mm, dd, cc, nd, nc, bp, or sp; but yours is a new one!
I'll assume that you meant to say pt, for printer's points.
To recover gracefully from this error, it's best to
delete the erroneous units; e.g., type `2' to delete
two letters. (See Chapter 27 of The TeXbook.)

/Users/dt/Library/CloudStorage/Dropbox/Teaching/causal-inference/syllabus/syllabus-casual-rev3.tex:136: Missing number, treated as zero.
<to be read again> 
                   \relax 
l.136 ...                              \\ \hline 1
                                                  1 & Sensitivity Analysis &
A number should have been here; I inserted `0'.
(If you can't figure out why I needed to see a number,
look up `weird error' in the index to The TeXbook.)

/Users/dt/Library/CloudStorage/Dropbox/Teaching/causal-inference/syllabus/syllabus-casual-rev3.tex:136: Illegal unit of measure (pt inserted).
<to be read again> 
                   \relax 
l.136 ...                              \\ \hline 1
                                                  1 & Sensitivity Analysis &
Dimensions can be in units of em, ex, in, pt, pc,
cm, mm, dd, cc, nd, nc, bp, or sp; but yours is a new one!
I'll assume that you meant to say pt, for printer's points.
To recover gracefully from this error, it's best to
delete the erroneous units; e.g., type `2' to delete
two letters. (See Chapter 27 of The TeXbook.)


Overfull \hbox (20.00006pt too wide) in paragraph at lines 136--136
[]\OT1/cmr/m/n/10 0511| 
 []

/Users/dt/Library/CloudStorage/Dropbox/Teaching/causal-inference/syllabus/syllabus-casual-rev3.tex:137: Extra alignment tab has been changed to \cr.
<recently read> \endtemplate 
                             
l.137 ...ustness to Unmeasured Confounding       &
                                                  
You have given more \span or & marks than there were
in the preamble to the \halign or \valign now in progress.
So I'll assume that you meant to type \cr instead.

/Users/dt/Library/CloudStorage/Dropbox/Teaching/causal-inference/syllabus/syllabus-casual-rev3.tex:138: Illegal unit of measure (pt inserted).
<to be read again> 
                   0
l.138         \textit
                     {Readings:} HR Ch 14; Ding \& VanderWeele (2016)       ...
Dimensions can be in units of em, ex, in, pt, pc,
cm, mm, dd, cc, nd, nc, bp, or sp; but yours is a new one!
I'll assume that you meant to say pt, for printer's points.
To recover gracefully from this error, it's best to
delete the erroneous units; e.g., type `2' to delete
two letters. (See Chapter 27 of The TeXbook.)

/Users/dt/Library/CloudStorage/Dropbox/Teaching/causal-inference/syllabus/syllabus-casual-rev3.tex:138: Missing number, treated as zero.
<to be read again> 
                   \relax 
l.138         \textit
                     {Readings:} HR Ch 14; Ding \& VanderWeele (2016)       ...
A number should have been here; I inserted `0'.
(If you can't figure out why I needed to see a number,
look up `weird error' in the index to The TeXbook.)

/Users/dt/Library/CloudStorage/Dropbox/Teaching/causal-inference/syllabus/syllabus-casual-rev3.tex:138: Illegal unit of measure (pt inserted).
<to be read again> 
                   \relax 
l.138         \textit
                     {Readings:} HR Ch 14; Ding \& VanderWeele (2016)       ...
Dimensions can be in units of em, ex, in, pt, pc,
cm, mm, dd, cc, nd, nc, bp, or sp; but yours is a new one!
I'll assume that you meant to say pt, for printer's points.
To recover gracefully from this error, it's best to
delete the erroneous units; e.g., type `2' to delete
two letters. (See Chapter 27 of The TeXbook.)


Overfull \hbox (51.53864pt too wide) in paragraph at lines 138--138
[]\OT1/cmr/m/n/10 05\OT1/cmr/m/it/10 Readings:
 []


Overfull \hbox (14.86113pt too wide) in paragraph at lines 138--138
\OT1/cmr/m/n/10 HR
 []


Overfull \hbox (12.7778pt too wide) in paragraph at lines 138--138
\OT1/cmr/m/n/10 Ch
 []


Overfull \hbox (12.77782pt too wide) in paragraph at lines 138--138
\OT1/cmr/m/n/10 14;
 []


Overfull \hbox (20.97227pt too wide) in paragraph at lines 138--138
\OT1/cmr/m/n/10 Ding
 []


Overfull \hbox (7.7778pt too wide) in paragraph at lines 138--138
\OT1/cmr/m/n/10 &
 []


Overfull \hbox (20.55559pt too wide) in paragraph at lines 138--138
\OT1/cmr/m/n/10 Van-
 []


Overfull \hbox (17.25002pt too wide) in paragraph at lines 138--138
\OT1/cmr/m/n/10 der-
 []


Overfull \hbox (25.55557pt too wide) in paragraph at lines 138--138
\OT1/cmr/m/n/10 Weele
 []


Overfull \hbox (27.77786pt too wide) in paragraph at lines 138--138
\OT1/cmr/m/n/10 (2016)| 
 []

/Users/dt/Library/CloudStorage/Dropbox/Teaching/causal-inference/syllabus/syllabus-casual-rev3.tex:138: Illegal unit of measure (pt inserted).
<to be read again> 
                   0
l.138 ...                              \\ \hline 1
                                                  2 & Marginal
Dimensions can be in units of em, ex, in, pt, pc,
cm, mm, dd, cc, nd, nc, bp, or sp; but yours is a new one!
I'll assume that you meant to say pt, for printer's points.
To recover gracefully from this error, it's best to
delete the erroneous units; e.g., type `2' to delete
two letters. (See Chapter 27 of The TeXbook.)

/Users/dt/Library/CloudStorage/Dropbox/Teaching/causal-inference/syllabus/syllabus-casual-rev3.tex:138: Missing number, treated as zero.
<to be read again> 
                   \relax 
l.138 ...                              \\ \hline 1
                                                  2 & Marginal
A number should have been here; I inserted `0'.
(If you can't figure out why I needed to see a number,
look up `weird error' in the index to The TeXbook.)

/Users/dt/Library/CloudStorage/Dropbox/Teaching/causal-inference/syllabus/syllabus-casual-rev3.tex:138: Illegal unit of measure (pt inserted).
<to be read again> 
                   \relax 
l.138 ...                              \\ \hline 1
                                                  2 & Marginal
Dimensions can be in units of em, ex, in, pt, pc,
cm, mm, dd, cc, nd, nc, bp, or sp; but yours is a new one!
I'll assume that you meant to say pt, for printer's points.
To recover gracefully from this error, it's best to
delete the erroneous units; e.g., type `2' to delete
two letters. (See Chapter 27 of The TeXbook.)


Overfull \hbox (20.00006pt too wide) in paragraph at lines 138--138
[]\OT1/cmr/m/n/10 0512| 
 []

/Users/dt/Library/CloudStorage/Dropbox/Teaching/causal-inference/syllabus/syllabus-casual-rev3.tex:140: Extra alignment tab has been changed to \cr.
<recently read> \endtemplate 
                             
l.140 ...                                        &
                                                   \textit{Readings:} HR Ch ...
You have given more \span or & marks than there were
in the preamble to the \halign or \valign now in progress.
So I'll assume that you meant to type \cr instead.

/Users/dt/Library/CloudStorage/Dropbox/Teaching/causal-inference/syllabus/syllabus-casual-rev3.tex:140: Illegal unit of measure (pt inserted).
<to be read again> 
                   0
l.140 ...                                & \textit
                                                  {Readings:} HR Ch 17-18, 2...
Dimensions can be in units of em, ex, in, pt, pc,
cm, mm, dd, cc, nd, nc, bp, or sp; but yours is a new one!
I'll assume that you meant to say pt, for printer's points.
To recover gracefully from this error, it's best to
delete the erroneous units; e.g., type `2' to delete
two letters. (See Chapter 27 of The TeXbook.)

/Users/dt/Library/CloudStorage/Dropbox/Teaching/causal-inference/syllabus/syllabus-casual-rev3.tex:140: Missing number, treated as zero.
<to be read again> 
                   \relax 
l.140 ...                                & \textit
                                                  {Readings:} HR Ch 17-18, 2...
A number should have been here; I inserted `0'.
(If you can't figure out why I needed to see a number,
look up `weird error' in the index to The TeXbook.)

/Users/dt/Library/CloudStorage/Dropbox/Teaching/causal-inference/syllabus/syllabus-casual-rev3.tex:140: Illegal unit of measure (pt inserted).
<to be read again> 
                   \relax 
l.140 ...                                & \textit
                                                  {Readings:} HR Ch 17-18, 2...
Dimensions can be in units of em, ex, in, pt, pc,
cm, mm, dd, cc, nd, nc, bp, or sp; but yours is a new one!
I'll assume that you meant to say pt, for printer's points.
To recover gracefully from this error, it's best to
delete the erroneous units; e.g., type `2' to delete
two letters. (See Chapter 27 of The TeXbook.)


Overfull \hbox (51.53864pt too wide) in paragraph at lines 140--140
[]\OT1/cmr/m/n/10 05\OT1/cmr/m/it/10 Readings:
 []


Overfull \hbox (14.86113pt too wide) in paragraph at lines 140--140
\OT1/cmr/m/n/10 HR
 []


Overfull \hbox (12.7778pt too wide) in paragraph at lines 140--140
\OT1/cmr/m/n/10 Ch
 []


Overfull \hbox (13.33336pt too wide) in paragraph at lines 140--140
\OT1/cmr/m/n/10 17-
 []


Overfull \hbox (12.77782pt too wide) in paragraph at lines 140--140
\OT1/cmr/m/n/10 18,
 []


Overfull \hbox (10.00003pt too wide) in paragraph at lines 140--140
\OT1/cmr/m/n/10 21| 
 []

/Users/dt/Library/CloudStorage/Dropbox/Teaching/causal-inference/syllabus/syllabus-casual-rev3.tex:140: Illegal unit of measure (pt inserted).
<to be read again> 
                   0
l.140 ...                              \\ \hline 1
                                                  3 & Project Work
Dimensions can be in units of em, ex, in, pt, pc,
cm, mm, dd, cc, nd, nc, bp, or sp; but yours is a new one!
I'll assume that you meant to say pt, for printer's points.
To recover gracefully from this error, it's best to
delete the erroneous units; e.g., type `2' to delete
two letters. (See Chapter 27 of The TeXbook.)

/Users/dt/Library/CloudStorage/Dropbox/Teaching/causal-inference/syllabus/syllabus-casual-rev3.tex:140: Missing number, treated as zero.
<to be read again> 
                   \relax 
l.140 ...                              \\ \hline 1
                                                  3 & Project Work
A number should have been here; I inserted `0'.
(If you can't figure out why I needed to see a number,
look up `weird error' in the index to The TeXbook.)

/Users/dt/Library/CloudStorage/Dropbox/Teaching/causal-inference/syllabus/syllabus-casual-rev3.tex:140: Illegal unit of measure (pt inserted).
<to be read again> 
                   \relax 
l.140 ...                              \\ \hline 1
                                                  3 & Project Work
Dimensions can be in units of em, ex, in, pt, pc,
cm, mm, dd, cc, nd, nc, bp, or sp; but yours is a new one!
I'll assume that you meant to say pt, for printer's points.
To recover gracefully from this error, it's best to
delete the erroneous units; e.g., type `2' to delete
two letters. (See Chapter 27 of The TeXbook.)


Overfull \hbox (20.00006pt too wide) in paragraph at lines 140--140
[]\OT1/cmr/m/n/10 0513| 
 []

/Users/dt/Library/CloudStorage/Dropbox/Teaching/causal-inference/syllabus/syllabus-casual-rev3.tex:141: Extra alignment tab has been changed to \cr.
<recently read> \endtemplate 
                             
l.141 ...project support, and Q\&A.              &
                                                                            ...
You have given more \span or & marks than there were
in the preamble to the \halign or \valign now in progress.
So I'll assume that you meant to type \cr instead.

/Users/dt/Library/CloudStorage/Dropbox/Teaching/causal-inference/syllabus/syllabus-casual-rev3.tex:141: Illegal unit of measure (pt inserted).
<to be read again> 
                   0
l.141 ...                                       \\
                                                   \hline Finals &
Dimensions can be in units of em, ex, in, pt, pc,
cm, mm, dd, cc, nd, nc, bp, or sp; but yours is a new one!
I'll assume that you meant to say pt, for printer's points.
To recover gracefully from this error, it's best to
delete the erroneous units; e.g., type `2' to delete
two letters. (See Chapter 27 of The TeXbook.)

/Users/dt/Library/CloudStorage/Dropbox/Teaching/causal-inference/syllabus/syllabus-casual-rev3.tex:141: Missing number, treated as zero.
<to be read again> 
                   \relax 
l.141 ...                                       \\
                                                   \hline Finals &
A number should have been here; I inserted `0'.
(If you can't figure out why I needed to see a number,
look up `weird error' in the index to The TeXbook.)

/Users/dt/Library/CloudStorage/Dropbox/Teaching/causal-inference/syllabus/syllabus-casual-rev3.tex:141: Illegal unit of measure (pt inserted).
<to be read again> 
                   \relax 
l.141 ...                                       \\
                                                   \hline Finals &
Dimensions can be in units of em, ex, in, pt, pc,
cm, mm, dd, cc, nd, nc, bp, or sp; but yours is a new one!
I'll assume that you meant to say pt, for printer's points.
To recover gracefully from this error, it's best to
delete the erroneous units; e.g., type `2' to delete
two letters. (See Chapter 27 of The TeXbook.)


Overfull \hbox (10.00003pt too wide) in paragraph at lines 141--141
[]\OT1/cmr/m/n/10 05| 
 []

/Users/dt/Library/CloudStorage/Dropbox/Teaching/causal-inference/syllabus/syllabus-casual-rev3.tex:141: Illegal unit of measure (pt inserted).
<to be read again> 
                   0
l.141 ...                              \\ \hline F
                                                  inals &
Dimensions can be in units of em, ex, in, pt, pc,
cm, mm, dd, cc, nd, nc, bp, or sp; but yours is a new one!
I'll assume that you meant to say pt, for printer's points.
To recover gracefully from this error, it's best to
delete the erroneous units; e.g., type `2' to delete
two letters. (See Chapter 27 of The TeXbook.)

/Users/dt/Library/CloudStorage/Dropbox/Teaching/causal-inference/syllabus/syllabus-casual-rev3.tex:141: Missing number, treated as zero.
<to be read again> 
                   \relax 
l.141 ...                              \\ \hline F
                                                  inals &
A number should have been here; I inserted `0'.
(If you can't figure out why I needed to see a number,
look up `weird error' in the index to The TeXbook.)

/Users/dt/Library/CloudStorage/Dropbox/Teaching/causal-inference/syllabus/syllabus-casual-rev3.tex:141: Illegal unit of measure (pt inserted).
<to be read again> 
                   \relax 
l.141 ...                              \\ \hline F
                                                  inals &
Dimensions can be in units of em, ex, in, pt, pc,
cm, mm, dd, cc, nd, nc, bp, or sp; but yours is a new one!
I'll assume that you meant to say pt, for printer's points.
To recover gracefully from this error, it's best to
delete the erroneous units; e.g., type `2' to delete
two letters. (See Chapter 27 of The TeXbook.)


Overfull \hbox (36.58344pt too wide) in paragraph at lines 141--141
[]\OT1/cmr/m/n/10 05Finals| 
 []

/Users/dt/Library/CloudStorage/Dropbox/Teaching/causal-inference/syllabus/syllabus-casual-rev3.tex:143: Extra alignment tab has been changed to \cr.
<template> \endtemplate 
                        
l.143         Report Due.}}
                                                                            ...
You have given more \span or & marks than there were
in the preamble to the \halign or \valign now in progress.
So I'll assume that you meant to type \cr instead.


Overfull \hbox (193.41615pt too wide) in alignment at lines 119--143
 [] [] [] 
 []

[2] [3]

[4]

[5] (build/syllabus-casual-rev3.aux)
 ***********
LaTeX2e <2024-11-01> patch level 2
L3 programming layer <2025-01-18>
 ***********
Package rerunfilecheck Info: File `syllabus-casual-rev3.out' has not changed.
(rerunfilecheck)             Checksum: D41D8CD98F00B204E9800998ECF8427E;0.
 ) 
Here is how much of TeX's memory you used:
 10382 strings out of 473190
 164871 string characters out of 5704335
 590612 words of memory out of 5000000
 33486 multiletter control sequences out of 15000+600000
 565576 words of font info for 59 fonts, out of 8000000 for 9000
 1141 hyphenation exceptions out of 8191
 69i,7n,79p,607b,656s stack positions out of 10000i,1000n,20000p,200000b,200000s
</opt/homebrew/Cellar/texlive/20250308_1/share/texmf-dist/fonts/type1/public/amsfonts/cm/cmbx10.pfb></opt/homebrew/Cellar/texlive/20250308_1/share/texmf-dist/fonts/type1/public/amsfonts/cm/cmbx12.pfb></opt/homebrew/Cellar/texlive/20250308_1/share/texmf-dist/fonts/type1/public/amsfonts/cm/cmr10.pfb></opt/homebrew/Cellar/texlive/20250308_1/share/texmf-dist/fonts/type1/public/amsfonts/cm/cmr12.pfb></opt/homebrew/Cellar/texlive/20250308_1/share/texmf-dist/fonts/type1/public/amsfonts/cm/cmr17.pfb></opt/homebrew/Cellar/texlive/20250308_1/share/texmf-dist/fonts/type1/public/amsfonts/cm/cmti10.pfb></opt/homebrew/Cellar/texlive/20250308_1/share/texmf-dist/fonts/type1/public/amsfonts/cm/cmtt10.pfb></opt/homebrew/Cellar/texlive/20250308_1/share/texmf-dist/fonts/type1/public/cm-super/sfrm1095.pfb>
Output written on build/syllabus-casual-rev3.pdf (5 pages, 128268 bytes).
PDF statistics:
 94 PDF objects out of 1000 (max. 8388607)
 69 compressed objects within 1 object stream
 23 named destinations out of 1000 (max. 500000)
 1 words of extra memory for PDF output out of 10000 (max. 10000000)

